[Error  :   BepInEx] Unable to start Unity log writer
[Message:   BepInEx] BepInEx 5.4.23.3 - PEAK (06.07.2025 19:42:54)
[Info   :   BepInEx] Running under Unity v6000.0.36.10478517
[Info   :   BepInEx] CLR runtime version: 4.0.30319.42000
[Info   :   BepInEx] Supports SRE: True
[Info   :   BepInEx] System platform: Bits64, Windows
[Message:   BepInEx] Preloader started
[Info   :   BepInEx] Loaded 1 patcher method from [BepInEx.Preloader 5.4.23.3]
[Info   :   BepInEx] 1 patcher plugin loaded
[Info   :   BepInEx] Patching [UnityEngine.CoreModule] with [BepInEx.Chainloader]
[Message:   BepInEx] Preloader finished
[Message:   BepInEx] Chainloader ready
[Message:   BepInEx] Chainloader started
[Info   :   BepInEx] 4 plugins to load
[Info   :   BepInEx] Loading [ItemInfoDisplay 1.0.3]
[Info   :ItemInfoDisplay] Plugin ItemInfoDisplay is loaded!
[Info   :   BepInEx] Loading [StaminaInfo 1.0.0]
[Info   :StaminaInfo] Plugin StaminaInfo is loaded!
[Info   :   BepInEx] Loading [SpeedrunTimer 0.2.5]
[Info   :   BepInEx] Loading [PEAK Mod 1.3.1]
[Warning:  PEAK Mod] Das Spielerlimit wurde erfolgreich auf 10 gesetzt!
[Info   :  PEAK Mod] Marshmallow-Patch ist aktiv!
[Message:   BepInEx] Chainloader startup complete
